2026-04-13 12:16:07,285 - INFO - ======================================================================
2026-04-13 12:16:07,286 - INFO - 🚀 СТАРТ ГЕНЕРАЦИИ НАРЯДОВ
2026-04-13 12:16:07,286 - INFO - 📂 JSON: C:\Users\psobo\PycharmProjects\correct_report\output_data\2026\10\4x2_5x2h\4x2_5x2h_BLOCK_final_schedule.json
2026-04-13 12:16:07,286 - INFO - 📑 Шаблон: C:\Users\psobo\PycharmProjects\correct_report\input_data\030426.xlsx
2026-04-13 12:16:07,286 - INFO - 💾 Выход: C:\Users\psobo\PycharmProjects\correct_report\output_data\2026\10\4x2_5x2h\4x2_5x2h_BLOCK_report.xlsx
2026-04-13 12:16:07,344 - INFO - 📦 Загружено расписание на 31 дней
2026-04-13 12:16:07,743 - INFO - 🔍 Анализ структуры шаблона (фиксированные блоки)...
2026-04-13 12:16:07,743 - INFO -   🚋 Маршрут 9: колонки 2-13
2026-04-13 12:16:07,744 - INFO -     ✅ 20 трамваев: ['1', '2', '3', '4', '6', '7', '8', '9', '10', '11']
2026-04-13 12:16:07,744 - INFO -   🚋 Маршрут 21: колонки 2-13
2026-04-13 12:16:07,745 - INFO -     ✅ 20 трамваев: ['1', '2', '3', '4', '6', '7', '8', '9', '10', '11']
2026-04-13 12:16:07,745 - INFO -   🚋 Маршрут 19: колонки 16-27
2026-04-13 12:16:07,746 - INFO -     ✅ 17 трамваев: ['1', '2', '3', '4', '5', '6', '9', '12', '13', '16']
2026-04-13 12:16:07,746 - INFO -   🚋 Маршрут 20: колонки 16-27
2026-04-13 12:16:07,747 - INFO -     ✅ 17 трамваев: ['1', '2', '3', '4', '5', '6', '9', '12', '13', '16']
2026-04-13 12:16:07,747 - INFO -   🚋 Маршрут 48: колонки 16-27
2026-04-13 12:16:07,748 - INFO -     ✅ 17 трамваев: ['1', '2', '3', '4', '5', '6', '9', '12', '13', '16']
2026-04-13 12:16:07,748 - INFO -   🚋 Маршрут 47: колонки 30-41
2026-04-13 12:16:07,749 - INFO -     ✅ 12 трамваев: ['1', '2', '3', '4', '5', '6', '7', '8', '9', '10']
2026-04-13 12:16:07,749 - INFO -   🚋 Маршрут 61: колонки 30-41
2026-04-13 12:16:07,750 - INFO -     ✅ 12 трамваев: ['1', '2', '3', '4', '5', '6', '7', '8', '9', '10']
2026-04-13 12:16:07,750 - INFO -   🚋 Маршрут 55: колонки 44-55
2026-04-13 12:16:07,751 - INFO -     ✅ 18 трамваев: ['1', '2', '3', '4', '5', '6', '7', '8', '10', '14']
2026-04-13 12:16:07,751 - INFO - 
📊 ИТОГИ: 8 маршрутов, 133 трамваев
2026-04-13 12:16:07,751 - INFO - 
📅 День 1 (2026-10-01)...
2026-04-13 12:16:08,280 - INFO -   ✅ Заполнено: 188 таб. номеров, не найдено: 15
2026-04-13 12:16:08,280 - INFO - 
📅 День 2 (2026-10-02)...
2026-04-13 12:16:08,887 - INFO -   ✅ Заполнено: 188 таб. номеров, не найдено: 15
2026-04-13 12:16:08,888 - INFO - 
📅 День 3 (2026-10-03)...
2026-04-13 12:16:09,513 - INFO -   ✅ Заполнено: 116 таб. номеров, не найдено: 13
2026-04-13 12:16:09,513 - INFO - 
📅 День 4 (2026-10-04)...
2026-04-13 12:16:10,099 - INFO -   ✅ Заполнено: 116 таб. номеров, не найдено: 13
2026-04-13 12:16:10,099 - INFO - 
📅 День 5 (2026-10-05)...
2026-04-13 12:16:10,725 - INFO -   ✅ Заполнено: 188 таб. номеров, не найдено: 15
2026-04-13 12:16:10,726 - INFO - 
📅 День 6 (2026-10-06)...
2026-04-13 12:16:11,418 - INFO -   ✅ Заполнено: 188 таб. номеров, не найдено: 15
2026-04-13 12:16:11,419 - INFO - 
📅 День 7 (2026-10-07)...
2026-04-13 12:16:12,041 - INFO -   ✅ Заполнено: 188 таб. номеров, не найдено: 15
2026-04-13 12:16:12,041 - INFO - 
📅 День 8 (2026-10-08)...
2026-04-13 12:16:12,662 - INFO -   ✅ Заполнено: 188 таб. номеров, не найдено: 15
2026-04-13 12:16:12,662 - INFO - 
📅 День 9 (2026-10-09)...
2026-04-13 12:16:13,296 - INFO -   ✅ Заполнено: 188 таб. номеров, не найдено: 15
2026-04-13 12:16:13,296 - INFO - 
📅 День 10 (2026-10-10)...
2026-04-13 12:16:14,109 - INFO -   ✅ Заполнено: 116 таб. номеров, не найдено: 13
2026-04-13 12:16:14,109 - INFO - 
📅 День 11 (2026-10-11)...
2026-04-13 12:16:14,785 - INFO -   ✅ Заполнено: 116 таб. номеров, не найдено: 13
2026-04-13 12:16:14,785 - INFO - 
📅 День 12 (2026-10-12)...
2026-04-13 12:16:15,400 - INFO -   ✅ Заполнено: 188 таб. номеров, не найдено: 15
2026-04-13 12:16:15,400 - INFO - 
📅 День 13 (2026-10-13)...
2026-04-13 12:16:16,109 - INFO -   ✅ Заполнено: 188 таб. номеров, не найдено: 15
2026-04-13 12:16:16,109 - INFO - 
📅 День 14 (2026-10-14)...
2026-04-13 12:16:17,028 - INFO -   ✅ Заполнено: 188 таб. номеров, не найдено: 15
2026-04-13 12:16:17,029 - INFO - 
📅 День 15 (2026-10-15)...
2026-04-13 12:16:17,652 - INFO -   ✅ Заполнено: 188 таб. номеров, не найдено: 15
2026-04-13 12:16:17,652 - INFO - 
📅 День 16 (2026-10-16)...
2026-04-13 12:16:18,355 - INFO -   ✅ Заполнено: 188 таб. номеров, не найдено: 15
2026-04-13 12:16:18,355 - INFO - 
📅 День 17 (2026-10-17)...
2026-04-13 12:16:19,008 - INFO -   ✅ Заполнено: 116 таб. номеров, не найдено: 13
2026-04-13 12:16:19,008 - INFO - 
📅 День 18 (2026-10-18)...
2026-04-13 12:16:19,612 - INFO -   ✅ Заполнено: 116 таб. номеров, не найдено: 13
2026-04-13 12:16:19,612 - INFO - 
📅 День 19 (2026-10-19)...
2026-04-13 12:16:20,279 - INFO -   ✅ Заполнено: 188 таб. номеров, не найдено: 15
2026-04-13 12:16:20,279 - INFO - 
📅 День 20 (2026-10-20)...
2026-04-13 12:16:20,906 - INFO -   ✅ Заполнено: 188 таб. номеров, не найдено: 15
2026-04-13 12:16:20,906 - INFO - 
📅 День 21 (2026-10-21)...
2026-04-13 12:16:21,660 - INFO -   ✅ Заполнено: 188 таб. номеров, не найдено: 15
2026-04-13 12:16:21,660 - INFO - 
📅 День 22 (2026-10-22)...
2026-04-13 12:16:22,278 - INFO -   ✅ Заполнено: 188 таб. номеров, не найдено: 15
2026-04-13 12:16:22,278 - INFO - 
📅 День 23 (2026-10-23)...
2026-04-13 12:16:22,880 - INFO -   ✅ Заполнено: 188 таб. номеров, не найдено: 15
2026-04-13 12:16:22,880 - INFO - 
📅 День 24 (2026-10-24)...
2026-04-13 12:16:23,479 - INFO -   ✅ Заполнено: 116 таб. номеров, не найдено: 13
2026-04-13 12:16:23,480 - INFO - 
📅 День 25 (2026-10-25)...
2026-04-13 12:16:24,169 - INFO -   ✅ Заполнено: 116 таб. номеров, не найдено: 13
2026-04-13 12:16:24,169 - INFO - 
📅 День 26 (2026-10-26)...
2026-04-13 12:16:24,960 - INFO -   ✅ Заполнено: 188 таб. номеров, не найдено: 15
2026-04-13 12:16:24,960 - INFO - 
📅 День 27 (2026-10-27)...
2026-04-13 12:16:25,644 - INFO -   ✅ Заполнено: 188 таб. номеров, не найдено: 15
2026-04-13 12:16:25,644 - INFO - 
📅 День 28 (2026-10-28)...
2026-04-13 12:16:26,273 - INFO -   ✅ Заполнено: 188 таб. номеров, не найдено: 15
2026-04-13 12:16:26,273 - INFO - 
📅 День 29 (2026-10-29)...
2026-04-13 12:16:26,941 - INFO -   ✅ Заполнено: 188 таб. номеров, не найдено: 15
2026-04-13 12:16:26,941 - INFO - 
📅 День 30 (2026-10-30)...
2026-04-13 12:16:27,582 - INFO -   ✅ Заполнено: 188 таб. номеров, не найдено: 15
2026-04-13 12:16:27,582 - INFO - 
📅 День 31 (2026-10-31)...
2026-04-13 12:16:28,245 - INFO -   ✅ Заполнено: 116 таб. номеров, не найдено: 13
2026-04-13 12:16:34,575 - INFO - 
======================================================================
2026-04-13 12:16:34,575 - INFO - ✅ ФАЙЛ УСПЕШНО СОЗДАН: C:\Users\psobo\PycharmProjects\correct_report\output_data\2026\10\4x2_5x2h\4x2_5x2h_BLOCK_report.xlsx
2026-04-13 12:16:34,575 - INFO - 📊 Листов: 31
2026-04-13 12:16:34,575 - INFO - ======================================================================
