2026-04-12 23:22:54,685 - INFO - 📂 Корень проекта: C:\Users\psobo\PycharmProjects\correct_report
2026-04-12 23:22:54,685 - INFO - 📄 JSON: C:\Users\psobo\PycharmProjects\correct_report\output_data\2026\10\4x2_5x2h\4x2_5x2h_BLOCK_final_schedule.json
2026-04-12 23:22:54,686 - INFO - 📑 Шаблон: C:\Users\psobo\PycharmProjects\correct_report\input_data\raw_data\030426.xlsx
2026-04-12 23:22:54,686 - INFO - 💾 Выход: C:\Users\psobo\PycharmProjects\correct_report\output_data\4x2_5x2h\2026\10\naryad_october_2026.xlsx
2026-04-12 23:22:54,686 - INFO - ================================================================================
2026-04-12 23:22:54,686 - INFO - НАЧАЛО ЭКСПОРТА
2026-04-12 23:22:54,686 - INFO - JSON: C:\Users\psobo\PycharmProjects\correct_report\output_data\2026\10\4x2_5x2h\4x2_5x2h_BLOCK_final_schedule.json
2026-04-12 23:22:54,686 - INFO - Шаблон: C:\Users\psobo\PycharmProjects\correct_report\input_data\raw_data\030426.xlsx
2026-04-12 23:22:54,686 - INFO - Выход: C:\Users\psobo\PycharmProjects\correct_report\output_data\4x2_5x2h\2026\10\naryad_october_2026.xlsx
2026-04-12 23:22:54,686 - INFO - 
📥 Загрузка JSON...
2026-04-12 23:22:54,704 - INFO - ✅ Загружено 31 дней
2026-04-12 23:22:54,705 - INFO - 📋 Первый день: 2026-10-01
2026-04-12 23:22:54,705 - INFO -    Назначений: 207
2026-04-12 23:22:54,705 - INFO -    Пример назначения: {'маршрут': 9, 'трамвай': '1', 'смена': 'Утро', 'время': '04:39 - 12:32', 'график_водителя': '4x2', 'таб_номер_водителя': 5, 'роль_по_матрице': 1, 'комментарий': 'Идеальное совпадение'}
2026-04-12 23:22:54,705 - INFO - 
📄 Загрузка шаблона Excel...
2026-04-12 23:22:55,033 - INFO - ✅ Шаблон загружен. Активный лист: Лист_1
2026-04-12 23:22:55,035 - INFO -    Размер: 466 строк, 57 колонок
2026-04-12 23:22:55,035 - INFO - 
🗂 Индексация назначений по датам...
2026-04-12 23:22:55,035 - INFO - ✅ Проиндексировано 31 дней, 5787 назначений
2026-04-12 23:22:55,035 - INFO - 
🔍 Анализ структуры шаблона...
2026-04-12 23:22:55,035 - DEBUG -   Поиск маршрутов в шаблоне...
2026-04-12 23:22:55,037 - DEBUG -   Всего найдено: 0 маршрутов
2026-04-12 23:22:55,037 - INFO - ✅ Найдено маршрутов в шаблоне: 0
2026-04-12 23:22:55,037 - INFO - 
📅 Создание 31 листов (дни месяца)...
2026-04-12 23:22:55,037 - INFO - 
--- День 01 (2026-10-01) ---
2026-04-12 23:22:55,037 - INFO -   Переименован первый лист в 01.10.2026
2026-04-12 23:22:55,037 - INFO -   Назначений на этот день: 207
2026-04-12 23:22:55,037 - INFO -   Примеры назначений:
2026-04-12 23:22:55,037 - INFO -     1. Маршрут 9, Трамвай 1, Смена Утро, Водитель 5
2026-04-12 23:22:55,037 - INFO -     2. Маршрут 9, Трамвай 1, Смена Вечер, Водитель 6
2026-04-12 23:22:55,037 - INFO -     3. Маршрут 9, Трамвай 2, Смена Утро, Водитель 3
2026-04-12 23:22:55,037 - INFO -   Сгруппировано: 107 уникальных (маршрут, трамвай)
2026-04-12 23:22:55,037 - INFO -   Сгруппированные данные:
2026-04-12 23:22:55,037 - INFO -     ('9', '1'): утро=5, вечер=6
2026-04-12 23:22:55,037 - INFO -     ('9', '2'): утро=3, вечер=4
2026-04-12 23:22:55,037 - INFO -     ('9', '3'): утро=2, вечер=1
2026-04-12 23:22:55,037 - DEBUG -   Заполнение расписания...
2026-04-12 23:22:55,609 - DEBUG -     Обновлено заголовков: 3
2026-04-12 23:22:55,609 - DEBUG -   Запись табельных номеров водителей...
2026-04-12 23:22:55,610 - DEBUG -   ✅ Записано: 0 значений, пропущено: 0
2026-04-12 23:22:55,610 - INFO -   Проверка записанных значений:
2026-04-12 23:22:55,610 - DEBUG -   Проверка записанных значений:
2026-04-12 23:22:55,610 - INFO - 
--- День 02 (2026-10-02) ---
2026-04-12 23:22:55,715 - INFO -   Создан лист 02.10.2026
2026-04-12 23:22:55,715 - INFO -   Назначений на этот день: 207
2026-04-12 23:22:55,715 - INFO -   Примеры назначений:
2026-04-12 23:22:55,715 - INFO -     1. Маршрут 9, Трамвай 1, Смена Утро, Водитель 5
2026-04-12 23:22:55,715 - INFO -     2. Маршрут 9, Трамвай 1, Смена Вечер, Водитель 200
2026-04-12 23:22:55,715 - INFO -     3. Маршрут 9, Трамвай 2, Смена Утро, Водитель 7
2026-04-12 23:22:55,715 - INFO -   Сгруппировано: 107 уникальных (маршрут, трамвай)
2026-04-12 23:22:55,715 - INFO -   Сгруппированные данные:
2026-04-12 23:22:55,715 - INFO -     ('9', '1'): утро=5, вечер=200
2026-04-12 23:22:55,715 - INFO -     ('9', '2'): утро=7, вечер=8
2026-04-12 23:22:55,715 - INFO -     ('9', '3'): утро=2, вечер=1
2026-04-12 23:22:55,715 - DEBUG -   Заполнение расписания...
2026-04-12 23:22:56,226 - DEBUG -     Обновлено заголовков: 3
2026-04-12 23:22:56,226 - DEBUG -   Запись табельных номеров водителей...
2026-04-12 23:22:56,227 - DEBUG -   ✅ Записано: 0 значений, пропущено: 0
2026-04-12 23:22:56,227 - INFO -   Проверка записанных значений:
2026-04-12 23:22:56,227 - DEBUG -   Проверка записанных значений:
2026-04-12 23:22:56,227 - INFO - 
--- День 03 (2026-10-03) ---
2026-04-12 23:22:56,361 - INFO -   Создан лист 03.10.2026
2026-04-12 23:22:56,361 - INFO -   Назначений на этот день: 137
2026-04-12 23:22:56,361 - INFO -   Примеры назначений:
2026-04-12 23:22:56,361 - INFO -     1. Маршрут 9, Трамвай 1, Смена Утро, Водитель 5
2026-04-12 23:22:56,361 - INFO -     2. Маршрут 9, Трамвай 1, Смена Вечер, Водитель 6
2026-04-12 23:22:56,361 - INFO -     3. Маршрут 9, Трамвай 2, Смена Утро, Водитель 7
2026-04-12 23:22:56,361 - INFO -   Сгруппировано: 71 уникальных (маршрут, трамвай)
2026-04-12 23:22:56,361 - INFO -   Сгруппированные данные:
2026-04-12 23:22:56,361 - INFO -     ('9', '1'): утро=5, вечер=6
2026-04-12 23:22:56,361 - INFO -     ('9', '2'): утро=7, вечер=29
2026-04-12 23:22:56,361 - INFO -     ('9', '3'): утро=9, вечер=10
2026-04-12 23:22:56,361 - DEBUG -   Заполнение расписания...
2026-04-12 23:22:56,961 - DEBUG -     Обновлено заголовков: 3
2026-04-12 23:22:56,961 - DEBUG -   Запись табельных номеров водителей...
2026-04-12 23:22:56,962 - DEBUG -   ✅ Записано: 0 значений, пропущено: 0
2026-04-12 23:22:56,963 - INFO -   Проверка записанных значений:
2026-04-12 23:22:56,963 - DEBUG -   Проверка записанных значений:
2026-04-12 23:22:56,963 - INFO - 
--- День 04 (2026-10-04) ---
2026-04-12 23:22:57,104 - INFO -   Создан лист 04.10.2026
2026-04-12 23:22:57,104 - INFO -   Назначений на этот день: 137
2026-04-12 23:22:57,104 - INFO -   Примеры назначений:
2026-04-12 23:22:57,104 - INFO -     1. Маршрут 9, Трамвай 1, Смена Утро, Водитель 151
2026-04-12 23:22:57,104 - INFO -     2. Маршрут 9, Трамвай 1, Смена Вечер, Водитель 6
2026-04-12 23:22:57,104 - INFO -     3. Маршрут 9, Трамвай 2, Смена Утро, Водитель 7
2026-04-12 23:22:57,104 - INFO -   Сгруппировано: 71 уникальных (маршрут, трамвай)
2026-04-12 23:22:57,104 - INFO -   Сгруппированные данные:
2026-04-12 23:22:57,104 - INFO -     ('9', '1'): утро=151, вечер=6
2026-04-12 23:22:57,104 - INFO -     ('9', '2'): утро=7, вечер=8
2026-04-12 23:22:57,104 - INFO -     ('9', '3'): утро=9, вечер=10
2026-04-12 23:22:57,104 - DEBUG -   Заполнение расписания...
2026-04-12 23:22:57,655 - DEBUG -     Обновлено заголовков: 3
2026-04-12 23:22:57,655 - DEBUG -   Запись табельных номеров водителей...
2026-04-12 23:22:57,656 - DEBUG -   ✅ Записано: 0 значений, пропущено: 0
2026-04-12 23:22:57,656 - INFO -   Проверка записанных значений:
2026-04-12 23:22:57,656 - DEBUG -   Проверка записанных значений:
2026-04-12 23:22:57,656 - INFO - 
--- День 05 (2026-10-05) ---
2026-04-12 23:22:57,780 - INFO -   Создан лист 05.10.2026
2026-04-12 23:22:57,781 - INFO -   Назначений на этот день: 207
2026-04-12 23:22:57,781 - INFO -   Примеры назначений:
2026-04-12 23:22:57,781 - INFO -     1. Маршрут 9, Трамвай 1, Смена Утро, Водитель 1
2026-04-12 23:22:57,781 - INFO -     2. Маршрут 9, Трамвай 1, Смена Вечер, Водитель 2
2026-04-12 23:22:57,781 - INFO -     3. Маршрут 9, Трамвай 2, Смена Утро, Водитель 7
2026-04-12 23:22:57,781 - INFO -   Сгруппировано: 107 уникальных (маршрут, трамвай)
2026-04-12 23:22:57,781 - INFO -   Сгруппированные данные:
2026-04-12 23:22:57,781 - INFO -     ('9', '1'): утро=1, вечер=2
2026-04-12 23:22:57,781 - INFO -     ('9', '2'): утро=7, вечер=8
2026-04-12 23:22:57,781 - INFO -     ('9', '3'): утро=9, вечер=10
2026-04-12 23:22:57,781 - DEBUG -   Заполнение расписания...
2026-04-12 23:22:58,311 - DEBUG -     Обновлено заголовков: 3
2026-04-12 23:22:58,312 - DEBUG -   Запись табельных номеров водителей...
2026-04-12 23:22:58,313 - DEBUG -   ✅ Записано: 0 значений, пропущено: 0
2026-04-12 23:22:58,313 - INFO -   Проверка записанных значений:
2026-04-12 23:22:58,313 - DEBUG -   Проверка записанных значений:
2026-04-12 23:22:58,313 - INFO - 
--- День 06 (2026-10-06) ---
2026-04-12 23:22:58,476 - INFO -   Создан лист 06.10.2026
2026-04-12 23:22:58,476 - INFO -   Назначений на этот день: 207
2026-04-12 23:22:58,476 - INFO -   Примеры назначений:
2026-04-12 23:22:58,476 - INFO -     1. Маршрут 9, Трамвай 1, Смена Утро, Водитель 1
2026-04-12 23:22:58,476 - INFO -     2. Маршрут 9, Трамвай 1, Смена Вечер, Водитель 2
2026-04-12 23:22:58,476 - INFO -     3. Маршрут 9, Трамвай 2, Смена Утро, Водитель 4
2026-04-12 23:22:58,476 - INFO -   Сгруппировано: 107 уникальных (маршрут, трамвай)
2026-04-12 23:22:58,476 - INFO -   Сгруппированные данные:
2026-04-12 23:22:58,476 - INFO -     ('9', '1'): утро=1, вечер=2
2026-04-12 23:22:58,476 - INFO -     ('9', '2'): утро=4, вечер=3
2026-04-12 23:22:58,476 - INFO -     ('9', '3'): утро=9, вечер=10
2026-04-12 23:22:58,477 - DEBUG -   Заполнение расписания...
2026-04-12 23:22:59,031 - DEBUG -     Обновлено заголовков: 3
2026-04-12 23:22:59,031 - DEBUG -   Запись табельных номеров водителей...
2026-04-12 23:22:59,032 - DEBUG -   ✅ Записано: 0 значений, пропущено: 0
2026-04-12 23:22:59,033 - INFO -   Проверка записанных значений:
2026-04-12 23:22:59,033 - DEBUG -   Проверка записанных значений:
2026-04-12 23:22:59,033 - INFO - 
--- День 07 (2026-10-07) ---
2026-04-12 23:22:59,140 - INFO -   Создан лист 07.10.2026
2026-04-12 23:22:59,141 - INFO -   Назначений на этот день: 207
2026-04-12 23:22:59,141 - INFO -   Примеры назначений:
2026-04-12 23:22:59,141 - INFO -     1. Маршрут 9, Трамвай 1, Смена Утро, Водитель 6
2026-04-12 23:22:59,141 - INFO -     2. Маршрут 9, Трамвай 1, Смена Вечер, Водитель 5
2026-04-12 23:22:59,141 - INFO -     3. Маршрут 9, Трамвай 2, Смена Утро, Водитель 4
2026-04-12 23:22:59,141 - INFO -   Сгруппировано: 107 уникальных (маршрут, трамвай)
2026-04-12 23:22:59,141 - INFO -   Сгруппированные данные:
2026-04-12 23:22:59,141 - INFO -     ('9', '1'): утро=6, вечер=5
2026-04-12 23:22:59,141 - INFO -     ('9', '2'): утро=4, вечер=3
2026-04-12 23:22:59,141 - INFO -     ('9', '3'): утро=1, вечер=88
2026-04-12 23:22:59,141 - DEBUG -   Заполнение расписания...
2026-04-12 23:22:59,730 - DEBUG -     Обновлено заголовков: 3
2026-04-12 23:22:59,730 - DEBUG -   Запись табельных номеров водителей...
2026-04-12 23:22:59,731 - DEBUG -   ✅ Записано: 0 значений, пропущено: 0
2026-04-12 23:22:59,731 - INFO -   Проверка записанных значений:
2026-04-12 23:22:59,731 - DEBUG -   Проверка записанных значений:
2026-04-12 23:22:59,731 - INFO - 
--- День 08 (2026-10-08) ---
2026-04-12 23:22:59,869 - INFO -   Создан лист 08.10.2026
2026-04-12 23:22:59,869 - INFO -   Назначений на этот день: 207
2026-04-12 23:22:59,869 - INFO -   Примеры назначений:
2026-04-12 23:22:59,869 - INFO -     1. Маршрут 9, Трамвай 1, Смена Утро, Водитель 6
2026-04-12 23:22:59,869 - INFO -     2. Маршрут 9, Трамвай 1, Смена Вечер, Водитель 5
2026-04-12 23:22:59,869 - INFO -     3. Маршрут 9, Трамвай 2, Смена Утро, Водитель 8
2026-04-12 23:22:59,869 - INFO -   Сгруппировано: 107 уникальных (маршрут, трамвай)
2026-04-12 23:22:59,870 - INFO -   Сгруппированные данные:
2026-04-12 23:22:59,870 - INFO -     ('9', '1'): утро=6, вечер=5
2026-04-12 23:22:59,870 - INFO -     ('9', '2'): утро=8, вечер=7
2026-04-12 23:22:59,870 - INFO -     ('9', '3'): утро=1, вечер=2
2026-04-12 23:22:59,870 - DEBUG -   Заполнение расписания...
2026-04-12 23:23:00,382 - DEBUG -     Обновлено заголовков: 3
2026-04-12 23:23:00,382 - DEBUG -   Запись табельных номеров водителей...
2026-04-12 23:23:00,383 - DEBUG -   ✅ Записано: 0 значений, пропущено: 0
2026-04-12 23:23:00,383 - INFO -   Проверка записанных значений:
2026-04-12 23:23:00,383 - DEBUG -   Проверка записанных значений:
2026-04-12 23:23:00,383 - INFO - 
--- День 09 (2026-10-09) ---
2026-04-12 23:23:00,493 - INFO -   Создан лист 09.10.2026
2026-04-12 23:23:00,493 - INFO -   Назначений на этот день: 207
2026-04-12 23:23:00,493 - INFO -   Примеры назначений:
2026-04-12 23:23:00,493 - INFO -     1. Маршрут 9, Трамвай 1, Смена Утро, Водитель 6
2026-04-12 23:23:00,493 - INFO -     2. Маршрут 9, Трамвай 1, Смена Вечер, Водитель 5
2026-04-12 23:23:00,493 - INFO -     3. Маршрут 9, Трамвай 2, Смена Утро, Водитель 8
2026-04-12 23:23:00,493 - INFO -   Сгруппировано: 107 уникальных (маршрут, трамвай)
2026-04-12 23:23:00,493 - INFO -   Сгруппированные данные:
2026-04-12 23:23:00,493 - INFO -     ('9', '1'): утро=6, вечер=5
2026-04-12 23:23:00,493 - INFO -     ('9', '2'): утро=8, вечер=7
2026-04-12 23:23:00,493 - INFO -     ('9', '3'): утро=10, вечер=9
2026-04-12 23:23:00,493 - DEBUG -   Заполнение расписания...
2026-04-12 23:23:01,065 - DEBUG -     Обновлено заголовков: 3
2026-04-12 23:23:01,065 - DEBUG -   Запись табельных номеров водителей...
2026-04-12 23:23:01,066 - DEBUG -   ✅ Записано: 0 значений, пропущено: 0
2026-04-12 23:23:01,066 - INFO -   Проверка записанных значений:
2026-04-12 23:23:01,066 - DEBUG -   Проверка записанных значений:
2026-04-12 23:23:01,066 - INFO - 
--- День 10 (2026-10-10) ---
2026-04-12 23:23:01,285 - INFO -   Создан лист 10.10.2026
2026-04-12 23:23:01,285 - INFO -   Назначений на этот день: 137
2026-04-12 23:23:01,285 - INFO -   Примеры назначений:
2026-04-12 23:23:01,285 - INFO -     1. Маршрут 9, Трамвай 1, Смена Утро, Водитель 6
2026-04-12 23:23:01,285 - INFO -     2. Маршрут 9, Трамвай 1, Смена Вечер, Водитель 5
2026-04-12 23:23:01,285 - INFO -     3. Маршрут 9, Трамвай 2, Смена Утро, Водитель 8
2026-04-12 23:23:01,285 - INFO -   Сгруппировано: 71 уникальных (маршрут, трамвай)
2026-04-12 23:23:01,285 - INFO -   Сгруппированные данные:
2026-04-12 23:23:01,285 - INFO -     ('9', '1'): утро=6, вечер=5
2026-04-12 23:23:01,285 - INFO -     ('9', '2'): утро=8, вечер=7
2026-04-12 23:23:01,285 - INFO -     ('9', '3'): утро=10, вечер=9
2026-04-12 23:23:01,285 - DEBUG -   Заполнение расписания...
2026-04-12 23:23:01,865 - DEBUG -     Обновлено заголовков: 3
2026-04-12 23:23:01,865 - DEBUG -   Запись табельных номеров водителей...
2026-04-12 23:23:01,866 - DEBUG -   ✅ Записано: 0 значений, пропущено: 0
2026-04-12 23:23:01,866 - INFO -   Проверка записанных значений:
2026-04-12 23:23:01,866 - DEBUG -   Проверка записанных значений:
2026-04-12 23:23:01,866 - INFO - 
--- День 11 (2026-10-11) ---
2026-04-12 23:23:01,974 - INFO -   Создан лист 11.10.2026
2026-04-12 23:23:01,974 - INFO -   Назначений на этот день: 137
2026-04-12 23:23:01,974 - INFO -   Примеры назначений:
2026-04-12 23:23:01,974 - INFO -     1. Маршрут 9, Трамвай 1, Смена Утро, Водитель 2
2026-04-12 23:23:01,974 - INFO -     2. Маршрут 9, Трамвай 1, Смена Вечер, Водитель 1
2026-04-12 23:23:01,974 - INFO -     3. Маршрут 9, Трамвай 2, Смена Утро, Водитель 8
2026-04-12 23:23:01,975 - INFO -   Сгруппировано: 71 уникальных (маршрут, трамвай)
2026-04-12 23:23:01,975 - INFO -   Сгруппированные данные:
2026-04-12 23:23:01,975 - INFO -     ('9', '1'): утро=2, вечер=1
2026-04-12 23:23:01,975 - INFO -     ('9', '2'): утро=8, вечер=7
2026-04-12 23:23:01,975 - INFO -     ('9', '3'): утро=10, вечер=9
2026-04-12 23:23:01,975 - DEBUG -   Заполнение расписания...
2026-04-12 23:23:02,494 - DEBUG -     Обновлено заголовков: 3
2026-04-12 23:23:02,494 - DEBUG -   Запись табельных номеров водителей...
2026-04-12 23:23:02,495 - DEBUG -   ✅ Записано: 0 значений, пропущено: 0
2026-04-12 23:23:02,496 - INFO -   Проверка записанных значений:
2026-04-12 23:23:02,496 - DEBUG -   Проверка записанных значений:
2026-04-12 23:23:02,496 - INFO - 
--- День 12 (2026-10-12) ---
2026-04-12 23:23:02,604 - INFO -   Создан лист 12.10.2026
2026-04-12 23:23:02,604 - INFO -   Назначений на этот день: 207
2026-04-12 23:23:02,604 - INFO -   Примеры назначений:
2026-04-12 23:23:02,604 - INFO -     1. Маршрут 9, Трамвай 1, Смена Утро, Водитель 2
2026-04-12 23:23:02,604 - INFO -     2. Маршрут 9, Трамвай 1, Смена Вечер, Водитель 1
2026-04-12 23:23:02,604 - INFO -     3. Маршрут 9, Трамвай 2, Смена Утро, Водитель 3
2026-04-12 23:23:02,604 - INFO -   Сгруппировано: 107 уникальных (маршрут, трамвай)
2026-04-12 23:23:02,604 - INFO -   Сгруппированные данные:
2026-04-12 23:23:02,604 - INFO -     ('9', '1'): утро=2, вечер=1
2026-04-12 23:23:02,604 - INFO -     ('9', '2'): утро=3, вечер=4
2026-04-12 23:23:02,604 - INFO -     ('9', '3'): утро=10, вечер=9
2026-04-12 23:23:02,604 - DEBUG -   Заполнение расписания...
2026-04-12 23:23:03,113 - DEBUG -     Обновлено заголовков: 3
2026-04-12 23:23:03,113 - DEBUG -   Запись табельных номеров водителей...
2026-04-12 23:23:03,114 - DEBUG -   ✅ Записано: 0 значений, пропущено: 0
2026-04-12 23:23:03,114 - INFO -   Проверка записанных значений:
2026-04-12 23:23:03,114 - DEBUG -   Проверка записанных значений:
2026-04-12 23:23:03,114 - INFO - 
--- День 13 (2026-10-13) ---
2026-04-12 23:23:03,306 - INFO -   Создан лист 13.10.2026
2026-04-12 23:23:03,306 - INFO -   Назначений на этот день: 207
2026-04-12 23:23:03,306 - INFO -   Примеры назначений:
2026-04-12 23:23:03,306 - INFO -     1. Маршрут 9, Трамвай 1, Смена Утро, Водитель 5
2026-04-12 23:23:03,306 - INFO -     2. Маршрут 9, Трамвай 1, Смена Вечер, Водитель 6
2026-04-12 23:23:03,306 - INFO -     3. Маршрут 9, Трамвай 2, Смена Утро, Водитель 3
2026-04-12 23:23:03,306 - INFO -   Сгруппировано: 107 уникальных (маршрут, трамвай)
2026-04-12 23:23:03,306 - INFO -   Сгруппированные данные:
2026-04-12 23:23:03,307 - INFO -     ('9', '1'): утро=5, вечер=6
2026-04-12 23:23:03,307 - INFO -     ('9', '2'): утро=3, вечер=4
2026-04-12 23:23:03,307 - INFO -     ('9', '3'): утро=2, вечер=1
2026-04-12 23:23:03,307 - DEBUG -   Заполнение расписания...
2026-04-12 23:23:03,852 - DEBUG -     Обновлено заголовков: 3
2026-04-12 23:23:03,853 - DEBUG -   Запись табельных номеров водителей...
2026-04-12 23:23:03,854 - DEBUG -   ✅ Записано: 0 значений, пропущено: 0
2026-04-12 23:23:03,854 - INFO -   Проверка записанных значений:
2026-04-12 23:23:03,854 - DEBUG -   Проверка записанных значений:
2026-04-12 23:23:03,854 - INFO - 
--- День 14 (2026-10-14) ---
2026-04-12 23:23:03,965 - INFO -   Создан лист 14.10.2026
2026-04-12 23:23:03,965 - INFO -   Назначений на этот день: 207
2026-04-12 23:23:03,965 - INFO -   Примеры назначений:
2026-04-12 23:23:03,965 - INFO -     1. Маршрут 9, Трамвай 1, Смена Утро, Водитель 63
2026-04-12 23:23:03,965 - INFO -     2. Маршрут 9, Трамвай 1, Смена Вечер, Водитель 6
2026-04-12 23:23:03,966 - INFO -     3. Маршрут 9, Трамвай 2, Смена Утро, Водитель 7
2026-04-12 23:23:03,966 - INFO -   Сгруппировано: 107 уникальных (маршрут, трамвай)
2026-04-12 23:23:03,966 - INFO -   Сгруппированные данные:
2026-04-12 23:23:03,966 - INFO -     ('9', '1'): утро=63, вечер=6
2026-04-12 23:23:03,966 - INFO -     ('9', '2'): утро=7, вечер=8
2026-04-12 23:23:03,966 - INFO -     ('9', '3'): утро=2, вечер=1
2026-04-12 23:23:03,966 - DEBUG -   Заполнение расписания...
2026-04-12 23:23:04,529 - DEBUG -     Обновлено заголовков: 3
2026-04-12 23:23:04,529 - DEBUG -   Запись табельных номеров водителей...
2026-04-12 23:23:04,530 - DEBUG -   ✅ Записано: 0 значений, пропущено: 0
2026-04-12 23:23:04,530 - INFO -   Проверка записанных значений:
2026-04-12 23:23:04,530 - DEBUG -   Проверка записанных значений:
2026-04-12 23:23:04,530 - INFO - 
--- День 15 (2026-10-15) ---
2026-04-12 23:23:04,650 - INFO -   Создан лист 15.10.2026
2026-04-12 23:23:04,651 - INFO -   Назначений на этот день: 207
2026-04-12 23:23:04,651 - INFO -   Примеры назначений:
2026-04-12 23:23:04,651 - INFO -     1. Маршрут 9, Трамвай 1, Смена Утро, Водитель 5
2026-04-12 23:23:04,651 - INFO -     2. Маршрут 9, Трамвай 1, Смена Вечер, Водитель 6
2026-04-12 23:23:04,651 - INFO -     3. Маршрут 9, Трамвай 2, Смена Утро, Водитель 7
2026-04-12 23:23:04,651 - INFO -   Сгруппировано: 107 уникальных (маршрут, трамвай)
2026-04-12 23:23:04,651 - INFO -   Сгруппированные данные:
2026-04-12 23:23:04,651 - INFO -     ('9', '1'): утро=5, вечер=6
2026-04-12 23:23:04,651 - INFO -     ('9', '2'): утро=7, вечер=8
2026-04-12 23:23:04,651 - INFO -     ('9', '3'): утро=9, вечер=10
2026-04-12 23:23:04,651 - DEBUG -   Заполнение расписания...
2026-04-12 23:23:05,186 - DEBUG -     Обновлено заголовков: 3
2026-04-12 23:23:05,186 - DEBUG -   Запись табельных номеров водителей...
2026-04-12 23:23:05,187 - DEBUG -   ✅ Записано: 0 значений, пропущено: 0
2026-04-12 23:23:05,188 - INFO -   Проверка записанных значений:
2026-04-12 23:23:05,188 - DEBUG -   Проверка записанных значений:
2026-04-12 23:23:05,188 - INFO - 
--- День 16 (2026-10-16) ---
2026-04-12 23:23:05,414 - INFO -   Создан лист 16.10.2026
2026-04-12 23:23:05,414 - INFO -   Назначений на этот день: 207
2026-04-12 23:23:05,414 - INFO -   Примеры назначений:
2026-04-12 23:23:05,414 - INFO -     1. Маршрут 9, Трамвай 1, Смена Утро, Водитель 5
2026-04-12 23:23:05,414 - INFO -     2. Маршрут 9, Трамвай 1, Смена Вечер, Водитель 6
2026-04-12 23:23:05,414 - INFO -     3. Маршрут 9, Трамвай 2, Смена Утро, Водитель 44
2026-04-12 23:23:05,414 - INFO -   Сгруппировано: 107 уникальных (маршрут, трамвай)
2026-04-12 23:23:05,414 - INFO -   Сгруппированные данные:
2026-04-12 23:23:05,414 - INFO -     ('9', '1'): утро=5, вечер=6
2026-04-12 23:23:05,414 - INFO -     ('9', '2'): утро=44, вечер=8
2026-04-12 23:23:05,414 - INFO -     ('9', '3'): утро=9, вечер=10
2026-04-12 23:23:05,414 - DEBUG -   Заполнение расписания...
2026-04-12 23:23:05,970 - DEBUG -     Обновлено заголовков: 3
2026-04-12 23:23:05,970 - DEBUG -   Запись табельных номеров водителей...
2026-04-12 23:23:05,971 - DEBUG -   ✅ Записано: 0 значений, пропущено: 0
2026-04-12 23:23:05,971 - INFO -   Проверка записанных значений:
2026-04-12 23:23:05,971 - DEBUG -   Проверка записанных значений:
2026-04-12 23:23:05,971 - INFO - 
--- День 17 (2026-10-17) ---
2026-04-12 23:23:06,072 - INFO -   Создан лист 17.10.2026
2026-04-12 23:23:06,072 - INFO -   Назначений на этот день: 137
2026-04-12 23:23:06,072 - INFO -   Примеры назначений:
2026-04-12 23:23:06,072 - INFO -     1. Маршрут 9, Трамвай 1, Смена Утро, Водитель 1
2026-04-12 23:23:06,072 - INFO -     2. Маршрут 9, Трамвай 1, Смена Вечер, Водитель 2
2026-04-12 23:23:06,072 - INFO -     3. Маршрут 9, Трамвай 2, Смена Утро, Водитель 7
2026-04-12 23:23:06,073 - INFO -   Сгруппировано: 71 уникальных (маршрут, трамвай)
2026-04-12 23:23:06,073 - INFO -   Сгруппированные данные:
2026-04-12 23:23:06,073 - INFO -     ('9', '1'): утро=1, вечер=2
2026-04-12 23:23:06,073 - INFO -     ('9', '2'): утро=7, вечер=8
2026-04-12 23:23:06,073 - INFO -     ('9', '3'): утро=9, вечер=10
2026-04-12 23:23:06,073 - DEBUG -   Заполнение расписания...
2026-04-12 23:23:06,615 - DEBUG -     Обновлено заголовков: 3
2026-04-12 23:23:06,615 - DEBUG -   Запись табельных номеров водителей...
2026-04-12 23:23:06,616 - DEBUG -   ✅ Записано: 0 значений, пропущено: 0
2026-04-12 23:23:06,616 - INFO -   Проверка записанных значений:
2026-04-12 23:23:06,616 - DEBUG -   Проверка записанных значений:
2026-04-12 23:23:06,616 - INFO - 
--- День 18 (2026-10-18) ---
2026-04-12 23:23:06,730 - INFO -   Создан лист 18.10.2026
2026-04-12 23:23:06,730 - INFO -   Назначений на этот день: 137
2026-04-12 23:23:06,730 - INFO -   Примеры назначений:
2026-04-12 23:23:06,730 - INFO -     1. Маршрут 9, Трамвай 1, Смена Утро, Водитель 1
2026-04-12 23:23:06,730 - INFO -     2. Маршрут 9, Трамвай 1, Смена Вечер, Водитель 2
2026-04-12 23:23:06,730 - INFO -     3. Маршрут 9, Трамвай 2, Смена Утро, Водитель 4
2026-04-12 23:23:06,730 - INFO -   Сгруппировано: 71 уникальных (маршрут, трамвай)
2026-04-12 23:23:06,730 - INFO -   Сгруппированные данные:
2026-04-12 23:23:06,730 - INFO -     ('9', '1'): утро=1, вечер=2
2026-04-12 23:23:06,730 - INFO -     ('9', '2'): утро=4, вечер=3
2026-04-12 23:23:06,730 - INFO -     ('9', '3'): утро=9, вечер=10
2026-04-12 23:23:06,731 - DEBUG -   Заполнение расписания...
2026-04-12 23:23:07,257 - DEBUG -     Обновлено заголовков: 3
2026-04-12 23:23:07,257 - DEBUG -   Запись табельных номеров водителей...
2026-04-12 23:23:07,258 - DEBUG -   ✅ Записано: 0 значений, пропущено: 0
2026-04-12 23:23:07,258 - INFO -   Проверка записанных значений:
2026-04-12 23:23:07,258 - DEBUG -   Проверка записанных значений:
2026-04-12 23:23:07,258 - INFO - 
--- День 19 (2026-10-19) ---
2026-04-12 23:23:07,371 - INFO -   Создан лист 19.10.2026
2026-04-12 23:23:07,371 - INFO -   Назначений на этот день: 207
2026-04-12 23:23:07,371 - INFO -   Примеры назначений:
2026-04-12 23:23:07,371 - INFO -     1. Маршрут 9, Трамвай 1, Смена Утро, Водитель 6
2026-04-12 23:23:07,372 - INFO -     2. Маршрут 9, Трамвай 1, Смена Вечер, Водитель 5
2026-04-12 23:23:07,372 - INFO -     3. Маршрут 9, Трамвай 2, Смена Утро, Водитель 4
2026-04-12 23:23:07,372 - INFO -   Сгруппировано: 107 уникальных (маршрут, трамвай)
2026-04-12 23:23:07,372 - INFO -   Сгруппированные данные:
2026-04-12 23:23:07,372 - INFO -     ('9', '1'): утро=6, вечер=5
2026-04-12 23:23:07,372 - INFO -     ('9', '2'): утро=4, вечер=3
2026-04-12 23:23:07,372 - INFO -     ('9', '3'): утро=1, вечер=2
2026-04-12 23:23:07,372 - DEBUG -   Заполнение расписания...
2026-04-12 23:23:07,907 - DEBUG -     Обновлено заголовков: 3
2026-04-12 23:23:07,907 - DEBUG -   Запись табельных номеров водителей...
2026-04-12 23:23:07,908 - DEBUG -   ✅ Записано: 0 значений, пропущено: 0
2026-04-12 23:23:07,908 - INFO -   Проверка записанных значений:
2026-04-12 23:23:07,908 - DEBUG -   Проверка записанных значений:
2026-04-12 23:23:07,908 - INFO - 
--- День 20 (2026-10-20) ---
2026-04-12 23:23:08,030 - INFO -   Создан лист 20.10.2026
2026-04-12 23:23:08,030 - INFO -   Назначений на этот день: 207
2026-04-12 23:23:08,030 - INFO -   Примеры назначений:
2026-04-12 23:23:08,030 - INFO -     1. Маршрут 9, Трамвай 1, Смена Утро, Водитель 6
2026-04-12 23:23:08,030 - INFO -     2. Маршрут 9, Трамвай 1, Смена Вечер, Водитель 5
2026-04-12 23:23:08,030 - INFO -     3. Маршрут 9, Трамвай 2, Смена Утро, Водитель 8
2026-04-12 23:23:08,030 - INFO -   Сгруппировано: 107 уникальных (маршрут, трамвай)
2026-04-12 23:23:08,031 - INFO -   Сгруппированные данные:
2026-04-12 23:23:08,031 - INFO -     ('9', '1'): утро=6, вечер=5
2026-04-12 23:23:08,031 - INFO -     ('9', '2'): утро=8, вечер=7
2026-04-12 23:23:08,031 - INFO -     ('9', '3'): утро=1, вечер=2
2026-04-12 23:23:08,031 - DEBUG -   Заполнение расписания...
2026-04-12 23:23:08,529 - DEBUG -     Обновлено заголовков: 3
2026-04-12 23:23:08,529 - DEBUG -   Запись табельных номеров водителей...
2026-04-12 23:23:08,530 - DEBUG -   ✅ Записано: 0 значений, пропущено: 0
2026-04-12 23:23:08,530 - INFO -   Проверка записанных значений:
2026-04-12 23:23:08,530 - DEBUG -   Проверка записанных значений:
2026-04-12 23:23:08,530 - INFO - 
--- День 21 (2026-10-21) ---
2026-04-12 23:23:08,799 - INFO -   Создан лист 21.10.2026
2026-04-12 23:23:08,800 - INFO -   Назначений на этот день: 207
2026-04-12 23:23:08,800 - INFO -   Примеры назначений:
2026-04-12 23:23:08,800 - INFO -     1. Маршрут 9, Трамвай 1, Смена Утро, Водитель 6
2026-04-12 23:23:08,800 - INFO -     2. Маршрут 9, Трамвай 1, Смена Вечер, Водитель 5
2026-04-12 23:23:08,800 - INFO -     3. Маршрут 9, Трамвай 2, Смена Утро, Водитель 8
2026-04-12 23:23:08,800 - INFO -   Сгруппировано: 107 уникальных (маршрут, трамвай)
2026-04-12 23:23:08,800 - INFO -   Сгруппированные данные:
2026-04-12 23:23:08,800 - INFO -     ('9', '1'): утро=6, вечер=5
2026-04-12 23:23:08,800 - INFO -     ('9', '2'): утро=8, вечер=7
2026-04-12 23:23:08,800 - INFO -     ('9', '3'): утро=10, вечер=9
2026-04-12 23:23:08,800 - DEBUG -   Заполнение расписания...
2026-04-12 23:23:09,381 - DEBUG -     Обновлено заголовков: 3
2026-04-12 23:23:09,381 - DEBUG -   Запись табельных номеров водителей...
2026-04-12 23:23:09,382 - DEBUG -   ✅ Записано: 0 значений, пропущено: 0
2026-04-12 23:23:09,382 - INFO -   Проверка записанных значений:
2026-04-12 23:23:09,382 - DEBUG -   Проверка записанных значений:
2026-04-12 23:23:09,382 - INFO - 
--- День 22 (2026-10-22) ---
2026-04-12 23:23:09,496 - INFO -   Создан лист 22.10.2026
2026-04-12 23:23:09,497 - INFO -   Назначений на этот день: 207
2026-04-12 23:23:09,497 - INFO -   Примеры назначений:
2026-04-12 23:23:09,497 - INFO -     1. Маршрут 9, Трамвай 1, Смена Утро, Водитель 6
2026-04-12 23:23:09,497 - INFO -     2. Маршрут 9, Трамвай 1, Смена Вечер, Водитель 5
2026-04-12 23:23:09,497 - INFO -     3. Маршрут 9, Трамвай 2, Смена Утро, Водитель 8
2026-04-12 23:23:09,497 - INFO -   Сгруппировано: 107 уникальных (маршрут, трамвай)
2026-04-12 23:23:09,497 - INFO -   Сгруппированные данные:
2026-04-12 23:23:09,497 - INFO -     ('9', '1'): утро=6, вечер=5
2026-04-12 23:23:09,497 - INFO -     ('9', '2'): утро=8, вечер=7
2026-04-12 23:23:09,497 - INFO -     ('9', '3'): утро=10, вечер=9
2026-04-12 23:23:09,497 - DEBUG -   Заполнение расписания...
2026-04-12 23:23:10,036 - DEBUG -     Обновлено заголовков: 3
2026-04-12 23:23:10,036 - DEBUG -   Запись табельных номеров водителей...
2026-04-12 23:23:10,037 - DEBUG -   ✅ Записано: 0 значений, пропущено: 0
2026-04-12 23:23:10,037 - INFO -   Проверка записанных значений:
2026-04-12 23:23:10,037 - DEBUG -   Проверка записанных значений:
2026-04-12 23:23:10,037 - INFO - 
--- День 23 (2026-10-23) ---
2026-04-12 23:23:10,146 - INFO -   Создан лист 23.10.2026
2026-04-12 23:23:10,146 - INFO -   Назначений на этот день: 207
2026-04-12 23:23:10,146 - INFO -   Примеры назначений:
2026-04-12 23:23:10,147 - INFO -     1. Маршрут 9, Трамвай 1, Смена Утро, Водитель 2
2026-04-12 23:23:10,147 - INFO -     2. Маршрут 9, Трамвай 1, Смена Вечер, Водитель 1
2026-04-12 23:23:10,147 - INFO -     3. Маршрут 9, Трамвай 2, Смена Утро, Водитель 8
2026-04-12 23:23:10,147 - INFO -   Сгруппировано: 107 уникальных (маршрут, трамвай)
2026-04-12 23:23:10,147 - INFO -   Сгруппированные данные:
2026-04-12 23:23:10,147 - INFO -     ('9', '1'): утро=2, вечер=1
2026-04-12 23:23:10,147 - INFO -     ('9', '2'): утро=8, вечер=7
2026-04-12 23:23:10,147 - INFO -     ('9', '3'): утро=10, вечер=9
2026-04-12 23:23:10,147 - DEBUG -   Заполнение расписания...
2026-04-12 23:23:10,704 - DEBUG -     Обновлено заголовков: 3
2026-04-12 23:23:10,704 - DEBUG -   Запись табельных номеров водителей...
2026-04-12 23:23:10,705 - DEBUG -   ✅ Записано: 0 значений, пропущено: 0
2026-04-12 23:23:10,705 - INFO -   Проверка записанных значений:
2026-04-12 23:23:10,705 - DEBUG -   Проверка записанных значений:
2026-04-12 23:23:10,705 - INFO - 
--- День 24 (2026-10-24) ---
2026-04-12 23:23:10,812 - INFO -   Создан лист 24.10.2026
2026-04-12 23:23:10,812 - INFO -   Назначений на этот день: 137
2026-04-12 23:23:10,812 - INFO -   Примеры назначений:
2026-04-12 23:23:10,813 - INFO -     1. Маршрут 9, Трамвай 1, Смена Утро, Водитель 2
2026-04-12 23:23:10,813 - INFO -     2. Маршрут 9, Трамвай 1, Смена Вечер, Водитель 1
2026-04-12 23:23:10,813 - INFO -     3. Маршрут 9, Трамвай 2, Смена Утро, Водитель 3
2026-04-12 23:23:10,813 - INFO -   Сгруппировано: 71 уникальных (маршрут, трамвай)
2026-04-12 23:23:10,813 - INFO -   Сгруппированные данные:
2026-04-12 23:23:10,813 - INFO -     ('9', '1'): утро=2, вечер=1
2026-04-12 23:23:10,813 - INFO -     ('9', '2'): утро=3, вечер=4
2026-04-12 23:23:10,813 - INFO -     ('9', '3'): утро=10, вечер=9
2026-04-12 23:23:10,813 - DEBUG -   Заполнение расписания...
2026-04-12 23:23:11,382 - DEBUG -     Обновлено заголовков: 3
2026-04-12 23:23:11,382 - DEBUG -   Запись табельных номеров водителей...
2026-04-12 23:23:11,383 - DEBUG -   ✅ Записано: 0 значений, пропущено: 0
2026-04-12 23:23:11,383 - INFO -   Проверка записанных значений:
2026-04-12 23:23:11,383 - DEBUG -   Проверка записанных значений:
2026-04-12 23:23:11,383 - INFO - 
--- День 25 (2026-10-25) ---
2026-04-12 23:23:11,484 - INFO -   Создан лист 25.10.2026
2026-04-12 23:23:11,484 - INFO -   Назначений на этот день: 137
2026-04-12 23:23:11,484 - INFO -   Примеры назначений:
2026-04-12 23:23:11,484 - INFO -     1. Маршрут 9, Трамвай 1, Смена Утро, Водитель 5
2026-04-12 23:23:11,484 - INFO -     2. Маршрут 9, Трамвай 1, Смена Вечер, Водитель 6
2026-04-12 23:23:11,484 - INFO -     3. Маршрут 9, Трамвай 2, Смена Утро, Водитель 3
2026-04-12 23:23:11,484 - INFO -   Сгруппировано: 71 уникальных (маршрут, трамвай)
2026-04-12 23:23:11,484 - INFO -   Сгруппированные данные:
2026-04-12 23:23:11,484 - INFO -     ('9', '1'): утро=5, вечер=6
2026-04-12 23:23:11,484 - INFO -     ('9', '2'): утро=3, вечер=4
2026-04-12 23:23:11,484 - INFO -     ('9', '3'): утро=2, вечер=1
2026-04-12 23:23:11,484 - DEBUG -   Заполнение расписания...
2026-04-12 23:23:12,027 - DEBUG -     Обновлено заголовков: 3
2026-04-12 23:23:12,028 - DEBUG -   Запись табельных номеров водителей...
2026-04-12 23:23:12,028 - DEBUG -   ✅ Записано: 0 значений, пропущено: 0
2026-04-12 23:23:12,029 - INFO -   Проверка записанных значений:
2026-04-12 23:23:12,029 - DEBUG -   Проверка записанных значений:
2026-04-12 23:23:12,029 - INFO - 
--- День 26 (2026-10-26) ---
2026-04-12 23:23:12,338 - INFO -   Создан лист 26.10.2026
2026-04-12 23:23:12,338 - INFO -   Назначений на этот день: 207
2026-04-12 23:23:12,338 - INFO -   Примеры назначений:
2026-04-12 23:23:12,338 - INFO -     1. Маршрут 9, Трамвай 1, Смена Утро, Водитель 5
2026-04-12 23:23:12,338 - INFO -     2. Маршрут 9, Трамвай 1, Смена Вечер, Водитель 6
2026-04-12 23:23:12,339 - INFO -     3. Маршрут 9, Трамвай 2, Смена Утро, Водитель 7
2026-04-12 23:23:12,339 - INFO -   Сгруппировано: 107 уникальных (маршрут, трамвай)
2026-04-12 23:23:12,339 - INFO -   Сгруппированные данные:
2026-04-12 23:23:12,339 - INFO -     ('9', '1'): утро=5, вечер=6
2026-04-12 23:23:12,339 - INFO -     ('9', '2'): утро=7, вечер=8
2026-04-12 23:23:12,339 - INFO -     ('9', '3'): утро=2, вечер=1
2026-04-12 23:23:12,339 - DEBUG -   Заполнение расписания...
2026-04-12 23:23:12,967 - DEBUG -     Обновлено заголовков: 3
2026-04-12 23:23:12,967 - DEBUG -   Запись табельных номеров водителей...
2026-04-12 23:23:12,968 - DEBUG -   ✅ Записано: 0 значений, пропущено: 0
2026-04-12 23:23:12,968 - INFO -   Проверка записанных значений:
2026-04-12 23:23:12,968 - DEBUG -   Проверка записанных значений:
2026-04-12 23:23:12,968 - INFO - 
--- День 27 (2026-10-27) ---
2026-04-12 23:23:13,138 - INFO -   Создан лист 27.10.2026
2026-04-12 23:23:13,139 - INFO -   Назначений на этот день: 207
2026-04-12 23:23:13,139 - INFO -   Примеры назначений:
2026-04-12 23:23:13,139 - INFO -     1. Маршрут 9, Трамвай 1, Смена Утро, Водитель 5
2026-04-12 23:23:13,139 - INFO -     2. Маршрут 9, Трамвай 1, Смена Вечер, Водитель 6
2026-04-12 23:23:13,139 - INFO -     3. Маршрут 9, Трамвай 2, Смена Утро, Водитель 7
2026-04-12 23:23:13,139 - INFO -   Сгруппировано: 107 уникальных (маршрут, трамвай)
2026-04-12 23:23:13,139 - INFO -   Сгруппированные данные:
2026-04-12 23:23:13,139 - INFO -     ('9', '1'): утро=5, вечер=6
2026-04-12 23:23:13,139 - INFO -     ('9', '2'): утро=7, вечер=8
2026-04-12 23:23:13,139 - INFO -     ('9', '3'): утро=9, вечер=10
2026-04-12 23:23:13,139 - DEBUG -   Заполнение расписания...
2026-04-12 23:23:13,648 - DEBUG -     Обновлено заголовков: 3
2026-04-12 23:23:13,648 - DEBUG -   Запись табельных номеров водителей...
2026-04-12 23:23:13,649 - DEBUG -   ✅ Записано: 0 значений, пропущено: 0
2026-04-12 23:23:13,650 - INFO -   Проверка записанных значений:
2026-04-12 23:23:13,650 - DEBUG -   Проверка записанных значений:
2026-04-12 23:23:13,650 - INFO - 
--- День 28 (2026-10-28) ---
2026-04-12 23:23:13,761 - INFO -   Создан лист 28.10.2026
2026-04-12 23:23:13,761 - INFO -   Назначений на этот день: 207
2026-04-12 23:23:13,761 - INFO -   Примеры назначений:
2026-04-12 23:23:13,761 - INFO -     1. Маршрут 9, Трамвай 1, Смена Утро, Водитель 5
2026-04-12 23:23:13,761 - INFO -     2. Маршрут 9, Трамвай 1, Смена Вечер, Водитель 6
2026-04-12 23:23:13,761 - INFO -     3. Маршрут 9, Трамвай 2, Смена Утро, Водитель 7
2026-04-12 23:23:13,762 - INFO -   Сгруппировано: 107 уникальных (маршрут, трамвай)
2026-04-12 23:23:13,762 - INFO -   Сгруппированные данные:
2026-04-12 23:23:13,762 - INFO -     ('9', '1'): утро=5, вечер=6
2026-04-12 23:23:13,762 - INFO -     ('9', '2'): утро=7, вечер=8
2026-04-12 23:23:13,762 - INFO -     ('9', '3'): утро=9, вечер=10
2026-04-12 23:23:13,762 - DEBUG -   Заполнение расписания...
2026-04-12 23:23:14,269 - DEBUG -     Обновлено заголовков: 3
2026-04-12 23:23:14,269 - DEBUG -   Запись табельных номеров водителей...
2026-04-12 23:23:14,270 - DEBUG -   ✅ Записано: 0 значений, пропущено: 0
2026-04-12 23:23:14,270 - INFO -   Проверка записанных значений:
2026-04-12 23:23:14,270 - DEBUG -   Проверка записанных значений:
2026-04-12 23:23:14,270 - INFO - 
--- День 29 (2026-10-29) ---
2026-04-12 23:23:14,399 - INFO -   Создан лист 29.10.2026
2026-04-12 23:23:14,399 - INFO -   Назначений на этот день: 207
2026-04-12 23:23:14,399 - INFO -   Примеры назначений:
2026-04-12 23:23:14,399 - INFO -     1. Маршрут 9, Трамвай 1, Смена Утро, Водитель 1
2026-04-12 23:23:14,399 - INFO -     2. Маршрут 9, Трамвай 1, Смена Вечер, Водитель 2
2026-04-12 23:23:14,399 - INFO -     3. Маршрут 9, Трамвай 2, Смена Утро, Водитель 7
2026-04-12 23:23:14,400 - INFO -   Сгруппировано: 107 уникальных (маршрут, трамвай)
2026-04-12 23:23:14,400 - INFO -   Сгруппированные данные:
2026-04-12 23:23:14,400 - INFO -     ('9', '1'): утро=1, вечер=2
2026-04-12 23:23:14,400 - INFO -     ('9', '2'): утро=7, вечер=8
2026-04-12 23:23:14,400 - INFO -     ('9', '3'): утро=9, вечер=10
2026-04-12 23:23:14,400 - DEBUG -   Заполнение расписания...
2026-04-12 23:23:14,942 - DEBUG -     Обновлено заголовков: 3
2026-04-12 23:23:14,942 - DEBUG -   Запись табельных номеров водителей...
2026-04-12 23:23:14,943 - DEBUG -   ✅ Записано: 0 значений, пропущено: 0
2026-04-12 23:23:14,943 - INFO -   Проверка записанных значений:
2026-04-12 23:23:14,943 - DEBUG -   Проверка записанных значений:
2026-04-12 23:23:14,943 - INFO - 
--- День 30 (2026-10-30) ---
2026-04-12 23:23:15,048 - INFO -   Создан лист 30.10.2026
2026-04-12 23:23:15,048 - INFO -   Назначений на этот день: 207
2026-04-12 23:23:15,048 - INFO -   Примеры назначений:
2026-04-12 23:23:15,048 - INFO -     1. Маршрут 9, Трамвай 1, Смена Утро, Водитель 1
2026-04-12 23:23:15,048 - INFO -     2. Маршрут 9, Трамвай 1, Смена Вечер, Водитель 2
2026-04-12 23:23:15,048 - INFO -     3. Маршрут 9, Трамвай 2, Смена Утро, Водитель 4
2026-04-12 23:23:15,048 - INFO -   Сгруппировано: 107 уникальных (маршрут, трамвай)
2026-04-12 23:23:15,048 - INFO -   Сгруппированные данные:
2026-04-12 23:23:15,048 - INFO -     ('9', '1'): утро=1, вечер=2
2026-04-12 23:23:15,048 - INFO -     ('9', '2'): утро=4, вечер=3
2026-04-12 23:23:15,048 - INFO -     ('9', '3'): утро=9, вечер=10
2026-04-12 23:23:15,048 - DEBUG -   Заполнение расписания...
2026-04-12 23:23:15,602 - DEBUG -     Обновлено заголовков: 3
2026-04-12 23:23:15,602 - DEBUG -   Запись табельных номеров водителей...
2026-04-12 23:23:15,603 - DEBUG -   ✅ Записано: 0 значений, пропущено: 0
2026-04-12 23:23:15,603 - INFO -   Проверка записанных значений:
2026-04-12 23:23:15,603 - DEBUG -   Проверка записанных значений:
2026-04-12 23:23:15,603 - INFO - 
--- День 31 (2026-10-31) ---
2026-04-12 23:23:15,709 - INFO -   Создан лист 31.10.2026
2026-04-12 23:23:15,709 - INFO -   Назначений на этот день: 137
2026-04-12 23:23:15,709 - INFO -   Примеры назначений:
2026-04-12 23:23:15,709 - INFO -     1. Маршрут 9, Трамвай 1, Смена Утро, Водитель 6
2026-04-12 23:23:15,709 - INFO -     2. Маршрут 9, Трамвай 1, Смена Вечер, Водитель 5
2026-04-12 23:23:15,709 - INFO -     3. Маршрут 9, Трамвай 2, Смена Утро, Водитель 4
2026-04-12 23:23:15,710 - INFO -   Сгруппировано: 71 уникальных (маршрут, трамвай)
2026-04-12 23:23:15,710 - INFO -   Сгруппированные данные:
2026-04-12 23:23:15,710 - INFO -     ('9', '1'): утро=6, вечер=5
2026-04-12 23:23:15,710 - INFO -     ('9', '2'): утро=4, вечер=3
2026-04-12 23:23:15,710 - INFO -     ('9', '3'): утро=1, вечер=2
2026-04-12 23:23:15,710 - DEBUG -   Заполнение расписания...
2026-04-12 23:23:16,284 - DEBUG -     Обновлено заголовков: 3
2026-04-12 23:23:16,284 - DEBUG -   Запись табельных номеров водителей...
2026-04-12 23:23:16,285 - DEBUG -   ✅ Записано: 0 значений, пропущено: 0
2026-04-12 23:23:16,286 - INFO -   Проверка записанных значений:
2026-04-12 23:23:16,286 - DEBUG -   Проверка записанных значений:
2026-04-12 23:23:16,286 - INFO - 
💾 Сохранение файла...
2026-04-12 23:23:23,626 - INFO - ✅ Расписание сохранено: C:\Users\psobo\PycharmProjects\correct_report\output_data\4x2_5x2h\2026\10\naryad_october_2026.xlsx
2026-04-12 23:23:23,626 - INFO - 📊 Создано листов: 31
2026-04-12 23:23:23,626 - INFO - 📊 Заполнено дней: 31/31
2026-04-12 23:23:23,626 - INFO - ================================================================================
