2026-04-13 12:41:39,559 - INFO - ======================================================================
2026-04-13 12:41:39,559 - INFO - 🚀 СТАРТ ГЕНЕРАЦИИ НАРЯДОВ
2026-04-13 12:41:39,559 - INFO - 📂 JSON: C:\Users\psobo\PycharmProjects\correct_report\output_data\2026\10\4x2_5x2h\4x2_5x2h_BLOCK_final_schedule.json
2026-04-13 12:41:39,559 - INFO - 📑 Шаблон: C:\Users\psobo\PycharmProjects\correct_report\input_data\030426.xlsx
2026-04-13 12:41:39,559 - INFO - 💾 Выход: C:\Users\psobo\PycharmProjects\correct_report\output_data\2026\10\4x2_5x2h\4x2_5x2h_BLOCK_report.xlsx
2026-04-13 12:41:39,580 - INFO - 📦 Загружено расписание на 31 дней
2026-04-13 12:41:39,927 - INFO - 🔍 Анализ структуры шаблона...
2026-04-13 12:41:39,931 - INFO - 📍 Найдено заголовков: 2
2026-04-13 12:41:39,932 - INFO - 🚋 Маршрут 9: 19 трамваев
2026-04-13 12:41:39,934 - INFO - 🚋 Маршрут 21: 11 трамваев
2026-04-13 12:41:39,934 - INFO - 📊 ИТОГО: 2 маршрутов, 30 трамваев
2026-04-13 12:41:40,575 - WARNING - ⚠️ Не найдено ячеек для: [('19', '1'), ('19', '2'), ('19', '3'), ('19', '4'), ('19', '5')]... (всего 79)
2026-04-13 12:41:40,575 - INFO - 📅 2026-10-01: заполнено 60 ячеек
2026-04-13 12:41:41,241 - WARNING - ⚠️ Не найдено ячеек для: [('19', '1'), ('19', '2'), ('19', '3'), ('19', '4'), ('19', '5')]... (всего 79)
2026-04-13 12:41:41,241 - INFO - 📅 2026-10-02: заполнено 60 ячеек
2026-04-13 12:41:41,842 - WARNING - ⚠️ Не найдено ячеек для: [('9', '12'), ('19', '1'), ('19', '2'), ('19', '3'), ('20', '2')]... (всего 57)
2026-04-13 12:41:41,842 - INFO - 📅 2026-10-03: заполнено 28 ячеек
2026-04-13 12:41:42,660 - WARNING - ⚠️ Не найдено ячеек для: [('9', '12'), ('19', '1'), ('19', '2'), ('19', '3'), ('20', '2')]... (всего 57)
2026-04-13 12:41:42,660 - INFO - 📅 2026-10-04: заполнено 28 ячеек
2026-04-13 12:41:43,369 - WARNING - ⚠️ Не найдено ячеек для: [('19', '1'), ('19', '2'), ('19', '3'), ('19', '4'), ('19', '5')]... (всего 79)
2026-04-13 12:41:43,370 - INFO - 📅 2026-10-05: заполнено 60 ячеек
2026-04-13 12:41:44,001 - WARNING - ⚠️ Не найдено ячеек для: [('19', '1'), ('19', '2'), ('19', '3'), ('19', '4'), ('19', '5')]... (всего 79)
2026-04-13 12:41:44,001 - INFO - 📅 2026-10-06: заполнено 60 ячеек
2026-04-13 12:41:44,644 - WARNING - ⚠️ Не найдено ячеек для: [('19', '1'), ('19', '2'), ('19', '3'), ('19', '4'), ('19', '5')]... (всего 79)
2026-04-13 12:41:44,644 - INFO - 📅 2026-10-07: заполнено 60 ячеек
2026-04-13 12:41:45,331 - WARNING - ⚠️ Не найдено ячеек для: [('19', '1'), ('19', '2'), ('19', '3'), ('19', '4'), ('19', '5')]... (всего 79)
2026-04-13 12:41:45,332 - INFO - 📅 2026-10-08: заполнено 60 ячеек
2026-04-13 12:41:46,020 - WARNING - ⚠️ Не найдено ячеек для: [('19', '1'), ('19', '2'), ('19', '3'), ('19', '4'), ('19', '5')]... (всего 79)
2026-04-13 12:41:46,020 - INFO - 📅 2026-10-09: заполнено 60 ячеек
2026-04-13 12:41:46,642 - WARNING - ⚠️ Не найдено ячеек для: [('9', '12'), ('19', '1'), ('19', '2'), ('19', '3'), ('20', '2')]... (всего 57)
2026-04-13 12:41:46,642 - INFO - 📅 2026-10-10: заполнено 28 ячеек
2026-04-13 12:41:47,258 - WARNING - ⚠️ Не найдено ячеек для: [('9', '12'), ('19', '1'), ('19', '2'), ('19', '3'), ('20', '2')]... (всего 57)
2026-04-13 12:41:47,258 - INFO - 📅 2026-10-11: заполнено 28 ячеек
2026-04-13 12:41:47,945 - WARNING - ⚠️ Не найдено ячеек для: [('19', '1'), ('19', '2'), ('19', '3'), ('19', '4'), ('19', '5')]... (всего 79)
2026-04-13 12:41:47,945 - INFO - 📅 2026-10-12: заполнено 60 ячеек
2026-04-13 12:41:48,589 - WARNING - ⚠️ Не найдено ячеек для: [('19', '1'), ('19', '2'), ('19', '3'), ('19', '4'), ('19', '5')]... (всего 79)
2026-04-13 12:41:48,589 - INFO - 📅 2026-10-13: заполнено 60 ячеек
2026-04-13 12:41:49,193 - WARNING - ⚠️ Не найдено ячеек для: [('19', '1'), ('19', '2'), ('19', '3'), ('19', '4'), ('19', '5')]... (всего 79)
2026-04-13 12:41:49,193 - INFO - 📅 2026-10-14: заполнено 60 ячеек
2026-04-13 12:41:49,917 - WARNING - ⚠️ Не найдено ячеек для: [('19', '1'), ('19', '2'), ('19', '3'), ('19', '4'), ('19', '5')]... (всего 79)
2026-04-13 12:41:49,917 - INFO - 📅 2026-10-15: заполнено 60 ячеек
2026-04-13 12:41:50,643 - WARNING - ⚠️ Не найдено ячеек для: [('19', '1'), ('19', '2'), ('19', '3'), ('19', '4'), ('19', '5')]... (всего 79)
2026-04-13 12:41:50,643 - INFO - 📅 2026-10-16: заполнено 60 ячеек
2026-04-13 12:41:51,305 - WARNING - ⚠️ Не найдено ячеек для: [('9', '12'), ('19', '1'), ('19', '2'), ('19', '3'), ('20', '2')]... (всего 57)
2026-04-13 12:41:51,305 - INFO - 📅 2026-10-17: заполнено 28 ячеек
2026-04-13 12:41:51,928 - WARNING - ⚠️ Не найдено ячеек для: [('9', '12'), ('19', '1'), ('19', '2'), ('19', '3'), ('20', '2')]... (всего 57)
2026-04-13 12:41:51,928 - INFO - 📅 2026-10-18: заполнено 28 ячеек
2026-04-13 12:41:52,561 - WARNING - ⚠️ Не найдено ячеек для: [('19', '1'), ('19', '2'), ('19', '3'), ('19', '4'), ('19', '5')]... (всего 79)
2026-04-13 12:41:52,561 - INFO - 📅 2026-10-19: заполнено 60 ячеек
2026-04-13 12:41:53,382 - WARNING - ⚠️ Не найдено ячеек для: [('19', '1'), ('19', '2'), ('19', '3'), ('19', '4'), ('19', '5')]... (всего 79)
2026-04-13 12:41:53,382 - INFO - 📅 2026-10-20: заполнено 60 ячеек
2026-04-13 12:41:53,997 - WARNING - ⚠️ Не найдено ячеек для: [('19', '1'), ('19', '2'), ('19', '3'), ('19', '4'), ('19', '5')]... (всего 79)
2026-04-13 12:41:53,997 - INFO - 📅 2026-10-21: заполнено 60 ячеек
2026-04-13 12:41:54,630 - WARNING - ⚠️ Не найдено ячеек для: [('19', '1'), ('19', '2'), ('19', '3'), ('19', '4'), ('19', '5')]... (всего 79)
2026-04-13 12:41:54,630 - INFO - 📅 2026-10-22: заполнено 60 ячеек
2026-04-13 12:41:55,274 - WARNING - ⚠️ Не найдено ячеек для: [('19', '1'), ('19', '2'), ('19', '3'), ('19', '4'), ('19', '5')]... (всего 79)
2026-04-13 12:41:55,274 - INFO - 📅 2026-10-23: заполнено 60 ячеек
2026-04-13 12:41:55,962 - WARNING - ⚠️ Не найдено ячеек для: [('9', '12'), ('19', '1'), ('19', '2'), ('19', '3'), ('20', '2')]... (всего 57)
2026-04-13 12:41:55,962 - INFO - 📅 2026-10-24: заполнено 28 ячеек
2026-04-13 12:41:56,738 - WARNING - ⚠️ Не найдено ячеек для: [('9', '12'), ('19', '1'), ('19', '2'), ('19', '3'), ('20', '2')]... (всего 57)
2026-04-13 12:41:56,739 - INFO - 📅 2026-10-25: заполнено 28 ячеек
2026-04-13 12:41:57,354 - WARNING - ⚠️ Не найдено ячеек для: [('19', '1'), ('19', '2'), ('19', '3'), ('19', '4'), ('19', '5')]... (всего 79)
2026-04-13 12:41:57,354 - INFO - 📅 2026-10-26: заполнено 60 ячеек
2026-04-13 12:41:57,983 - WARNING - ⚠️ Не найдено ячеек для: [('19', '1'), ('19', '2'), ('19', '3'), ('19', '4'), ('19', '5')]... (всего 79)
2026-04-13 12:41:57,983 - INFO - 📅 2026-10-27: заполнено 60 ячеек
2026-04-13 12:41:58,601 - WARNING - ⚠️ Не найдено ячеек для: [('19', '1'), ('19', '2'), ('19', '3'), ('19', '4'), ('19', '5')]... (всего 79)
2026-04-13 12:41:58,601 - INFO - 📅 2026-10-28: заполнено 60 ячеек
2026-04-13 12:41:59,216 - WARNING - ⚠️ Не найдено ячеек для: [('19', '1'), ('19', '2'), ('19', '3'), ('19', '4'), ('19', '5')]... (всего 79)
2026-04-13 12:41:59,216 - INFO - 📅 2026-10-29: заполнено 60 ячеек
2026-04-13 12:41:59,900 - WARNING - ⚠️ Не найдено ячеек для: [('19', '1'), ('19', '2'), ('19', '3'), ('19', '4'), ('19', '5')]... (всего 79)
2026-04-13 12:41:59,900 - INFO - 📅 2026-10-30: заполнено 60 ячеек
2026-04-13 12:42:00,518 - WARNING - ⚠️ Не найдено ячеек для: [('9', '12'), ('19', '1'), ('19', '2'), ('19', '3'), ('20', '2')]... (всего 57)
2026-04-13 12:42:00,518 - INFO - 📅 2026-10-31: заполнено 28 ячеек
2026-04-13 12:42:07,077 - INFO - ======================================================================
2026-04-13 12:42:07,077 - INFO - ✅ ФАЙЛ СОЗДАН: C:\Users\psobo\PycharmProjects\correct_report\output_data\2026\10\4x2_5x2h\4x2_5x2h_BLOCK_report.xlsx
2026-04-13 12:42:07,077 - INFO - 📊 Листов: 31
2026-04-13 12:42:07,077 - INFO - ======================================================================
